---
source: crates/tuirealm-stdlib/tests/component_paragraph.rs
expression: rendered
---
┌Info──────────────────────────────────┐
│Line one                              │
│Line two                              │
│                                      │
│                                      │
└──────────────────────────────────────┘
