---
source: crates/tuirealm-stdlib/tests/component_canvas.rs
expression: rendered
---
┌Canvas────────────────────────────────┐
│                                   ⣀⠔⠊│
│                                ⣀⠔⠊   │
│                             ⢀⠤⠊      │
│                          ⢀⠤⠊⠁        │
│                       ⢀⠤⠊⠁           │
│                    ⢀⠤⠊⠁              │
│                 ⢀⡠⠊⠁                 │
│              ⢀⡠⠒⠁                    │
│           ⢀⡠⠒⠁                       │
│        ⢀⡠⠒⠁                          │
│      ⡠⠒⠁                             │
│   ⡠⠔⠉                                │
│⡠⠔⠉                                   │
└──────────────────────────────────────┘
