---
source: crates/tuirealm-stdlib/tests/component_textarea.rs
expression: rendered
---
┌Log───────────────────────────────────┐
│>> First line of text                 │
│   Second line of text                │
│   Third line of text                 │
│                                      │
│                                      │
└──────────────────────────────────────┘
