---
source: crates/tuirealm-stdlib/tests/component_bar_chart.rs
expression: rendered
---
┌Sales───────────────────────────────────────────┐
│    █                                           │
│    █ ▇                                         │
│  ▆ █ █                                         │
│  █ █ █                                         │
│▄ █ █ █                                         │
│█ █ █ █                                         │
│█ █ █ █                                         │
│█ █ █ █                                         │
│█ █ █ █                                         │
│Q Q Q Q                                         │
└────────────────────────────────────────────────┘
