---
source: crates/tuirealm-stdlib/tests/component_container.rs
expression: rendered
---
┌Container─────────────────────────────┐
│Child 1                               │
│                                      │
│                                      │
│Child 2                               │
│                                      │
│                                      │
└──────────────────────────────────────┘
