---
source: crates/tuirealm-stdlib/tests/component_table.rs
expression: rendered
---
┌Users───────────────────────────────────────────┐
│Name       Age                                  │
│Alice      30                                   │
│Bob        25                                   │
│Charlie    35                                   │
│                                                │
│                                                │
└────────────────────────────────────────────────┘
