---
source: crates/tuirealm-stdlib/tests/component_select.rs
expression: rendered
---
┌Choose────────────────────────────────┐
│Option A                              │
│                                      │
│Option A                              │
│Option B                              │
│Option C                              │
│                                      │
└──────────────────────────────────────┘
