---
source: crates/tuirealm-stdlib/tests/component_list.rs
expression: rendered
---
┌Items─────────────────────────────────┐
│First item                            │
│Second item                           │
│Third item                            │
│                                      │
│                                      │
└──────────────────────────────────────┘
