---
source: crates/tuirealm-treeview/tests/component_treeview.rs
expression: rendered
---
┌Files─────────────────────────────────┐
│   / ▶                                │
│                                      │
│                                      │
│                                      │
│                                      │
│                                      │
│                                      │
│                                      │
│                                      │
│                                      │
│                                      │
│                                      │
│                                      │
└──────────────────────────────────────┘
