---
source: crates/tuirealm-textarea/tests/component_textarea.rs
expression: rendered
---

 ┌Editor──────────────────────────────┐
 │Hello, World!                       │
 │                                    │
 │                                    │
 │                                    │
 └────────────────────────────────────┘
